Length of array is:
999
Length of array after filter for even number is:
500