hello world!
100
hasn't anyone told you that you shouldn't play with FIRE?
