THE GREATEST
THE WISEST
THE STRONGEST
THE CLEVEREST