Array returned:
10
Array returned:
11
Array returned:
12
Array returned:
13
Expecting 42
42
Expecting 666
666
Expecting 69
69
... Testing intString
Expecting 'Hello World!'
Hello World!
Testing intString passed ...
Expecting world
world
